// Jest Snapshot v1, https://goo.gl/fbAQLP

exports[`<Header  /> should match snapshot 1`] = `
.c0 {
  display: -webkit-box;
  display: -webkit-flex;
  display: -ms-flexbox;
  display: flex;
}

<nav
  class="c0"
>
  <div
    class=""
  >
    <span>
      header logo
    </span>
  </div>
  <div
    class=""
  >
    <span>
      Blocks&Transaction
    </span>
  </div>
  <div
    class=""
  >
    <span>
      EN
    </span>
  </div>
</nav>
`;
