// Jest Snapshot v1, https://goo.gl/fbAQLP

exports[`<Select /> should match snapshot 1`] = `
.c0 .select.sirius-select {
  height: 2.2857rem;
}

<div
  class="c0"
>
  <div
    class="jsx-1615005387 select  line sirius-select"
  >
    <span
      class="jsx-1615005387 value placeholder"
    >
      <span
        class="jsx-2608415601"
      />
    </span>
    
    
    <div
      class="jsx-1615005387 icon"
    >
      <svg
        class="jsx-3859518410"
        fill="none"
        height="1.25em"
        shape-rendering="geometricPrecision"
        stroke-linecap="round"
        stroke-linejoin="round"
        stroke-width="1"
        viewBox="0 0 24 24"
        width="1.25em"
      >
        <path
          class="jsx-3859518410"
          d="M6 9l6 6 6-6"
        />
      </svg>
    </div>
  </div>
</div>
`;
