// Jest Snapshot v1, https://goo.gl/fbAQLP

exports[`<Search  /> should match snapshot 1`] = `
.c0 {
  width: 30rem;
}

.c0 .outerContainer {
  -webkit-box-flex: 1;
  -webkit-flex-grow: 1;
  -ms-flex-positive: 1;
  flex-grow: 1;
  padding: 0 1.5rem;
}

.c0 .outerContainer .header-search-bar.input-container {
  height: 2.28rem;
}

.c0 .outerContainer .header-search-bar.input-container .input-wrapper {
  border-radius: 1.14rem;
  border-color: #0054fe;
}

.c0 .outerContainer .header-search-bar.input-container .input-wrapper input::-webkit-input-placeholder {
  color: #222a44;
  font-size: 12px;
}

.c0 .outerContainer .header-search-bar.input-container .input-wrapper input::-moz-placeholder {
  color: #222a44;
  font-size: 12px;
}

.c0 .outerContainer .header-search-bar.input-container .input-wrapper input:-ms-input-placeholder {
  color: #222a44;
  font-size: 12px;
}

.c0 .outerContainer .header-search-bar.input-container .input-wrapper input::placeholder {
  color: #222a44;
  font-size: 12px;
}

@media (max-width:1024px) {
  .c0 .outerContainer {
    max-width: unset;
    left: 20rem;
    right: 5rem;
    position: fixed;
    top: 0.68rem;
    z-index: 2000;
    padding: 0;
    -webkit-box-flex: 0;
    -webkit-flex-grow: 0;
    -ms-flex-positive: 0;
    flex-grow: 0;
  }

  .c0 .outerContainer .header-search-bar.input-container {
    height: 2.67rem;
  }

  .c0 .outerContainer .header-search-bar.input-container .input-wrapper {
    background-color: rgba(0,84,254,0.04);
    border: 0;
  }

  .c0 .outerContainer .header-search-bar.input-container .input-wrapper input::-webkit-input-placeholder {
    color: #222a44;
    text-align: end;
  }

  .c0 .outerContainer .header-search-bar.input-container .input-wrapper input::-moz-placeholder {
    color: #222a44;
    text-align: end;
  }

  .c0 .outerContainer .header-search-bar.input-container .input-wrapper input:-ms-input-placeholder {
    color: #222a44;
    text-align: end;
  }

  .c0 .outerContainer .header-search-bar.input-container .input-wrapper input::placeholder {
    color: #222a44;
    text-align: end;
  }
}

@media (max-width:600px) {
  .c0 .outerContainer {
    position: absolute;
    left: 1.33rem;
    right: 1.33rem;
    top: 5.67rem;
    z-index: 100;
  }
}

<div
  class="c0"
>
  <div
    class="outerContainer"
  >
    <div
      class="jsx-1159070929 with-label"
    >
      <div
        class="jsx-1159070929 input-container header-search-bar"
      >
        <div
          class="jsx-1159070929 input-wrapper line    "
        >
          <input
            autocomplete="off"
            class="jsx-1159070929 right-icon"
            placeholder="Epoch / Block hash / Txn Hash / Address"
            type="text"
            value=""
          />
          <span
            class="jsx-2293214799 input-icon"
          />
        </div>
      </div>
    </div>
  </div>
</div>
`;
