// Jest Snapshot v1, https://goo.gl/fbAQLP

exports[`<App /> should render and match the snapshot 1`] = `
<Context.Provider
  value={
    Object {
      "refreshInterval": 0,
      "revalidateOnFocus": false,
    }
  }
>
  <UNDEFINED>
    <CfxProvider>
      <UNDEFINED />
      <Helmet
        defaultTitle="ConfluxScan"
        defer={true}
        encodeSpecialCharacters={true}
        titleTemplate="%s - ConfluxScan"
      >
        <meta
          content="BlockChain Explorer for Conflux Network"
          name="description"
        />
      </Helmet>
      <UNDEFINED />
      <ForwardRef(app__Main)>
        <UNDEFINED>
          <UNDEFINED
            component={[Function]}
            exact={true}
            path="/"
          />
          <UNDEFINED
            component={[Function]}
            exact={true}
            path="/contract/"
          />
          <UNDEFINED
            component={[Function]}
            exact={true}
            path="/contract/:contractAddress"
          />
          <UNDEFINED
            component={[Function]}
            exact={true}
            path="/blocks-and-transactions"
          />
          <UNDEFINED
            component={[Function]}
            exact={true}
            path="/tokens"
          />
          <UNDEFINED
            component={[Function]}
          />
        </UNDEFINED>
      </ForwardRef(app__Main)>
      <Unknown />
      <UNDEFINED />
    </CfxProvider>
  </UNDEFINED>
</Context.Provider>
`;
